                ╭────────────╮   ╭──────────────╮   ╭──────────────╮   ╭───────────╮                
                │  ▦  Board  │   │  ≡  Backlog  │   │  ◴  Sprints  │   │  ▶  Runs  │                
                ╰────────────╯   ╰──────────────╯   ╰──────────────╯   ╰───────────╯                
────────────────────────────────────────────────────────────────────────────────────────────────────
                                                                                                    
                                                                                                    
                                                                                                    
                                                                                                    
                                                                                                    
                                                                                                    
                                                                                                    
                                                                                                    
                                                                                                    
                                                                                                    
                                          Backlog is clear                                          
                                                                                                    
                         Every issue is in a sprint, or there are none yet.                         
                                         Press n to add one.                                        
                                                                                                    
                                                                                                    
                                                                                                    
                                                                                                    
                                                                                                    
                                                                                                    
                                                                                                    
                                                                                                    
                                                                                                    
                                                                                                    
                                                                                                    
  Jeera  Jeera JEE                                                               ● mcp off   ? help