  Jeera  Jeera JEE                                                                        ● mcp off 
   Board    Backlog    Sprints    Runs                                                              
──────────━━━━━━━━━━━───────────────────                                                            
                                                                                                    
                                                                                                    
                                                                                                    
                                                                                                    
                                                                                                    
                                                                                                    
                                                                                                    
                                                                                                    
                                                                                                    
                                                                                                    
                                                                                                    
                                          Backlog is clear                                          
                                                                                                    
                         Every issue is in a sprint, or there are none yet.                         
                                         Press n to add one.                                        
                                                                                                    
                                                                                                    
                                                                                                    
                                                                                                    
                                                                                                    
                                                                                                    
                                                                                                    
                                                                                                    
                                                                                                    
                                                                                                    
                                                                                                    
 tab next view  n new  p projects  m mcp  , settings  r refresh  ? help  q quit