  Jeera  Jeera JEE                                                                        ● mcp off 
   Board    Backlog    Sprints    Runs                                                              
──────────━━━━━━━━━━━───────────────────                                                            
Backlog   2 unsprinted                                                                              
                                                                                                    
▸ ● △ JEE-1      Add OAuth login                                                               3pt  
  ● ■ JEE-2      Fix the flaky test                                                                 
                                                                                                    
                                                                                                    
                                                                                                    
                                                                                                    
                                                                                                    
                                                                                                    
                                                                                                    
                                                                                                    
                                                                                                    
                                                                                                    
                                                                                                    
                                                                                                    
                                                                                                    
                                                                                                    
                                                                                                    
                                                                                                    
                                                                                                    
                                                                                                    
                                                                                                    
                                                                                                    
                                                                                                    
                                                                                                    
 tab next view  ↑/k up  ↓/j down  enter open  a assign  n new  p projects  m mcp  ? help  q quit