                ╭────────────╮   ╭──────────────╮   ╭──────────────╮   ╭───────────╮                
                │  ▦  Board  │   │  ≡  Backlog  │   │  ◴  Sprints  │   │  ▶  Runs  │                
                ╰────────────╯   ╰──────────────╯   ╰──────────────╯   ╰───────────╯                
────────────────────────────────────────────────────────────────────────────────────────────────────
  BACKLOG   2 unsprinted                                                                            
                                                                                                    
  ● △ JEE-1     Add OAuth login                                                                3pt  
  ● ■ JEE-2     Fix the flaky test                                                                  
                                                                                                    
                                                                                                    
                                                                                                    
                                                                                                    
                                                                                                    
                                                                                                    
                                                                                                    
                                                                                                    
                                                                                                    
                                                                                                    
                                                                                                    
                                                                                                    
                                                                                                    
                                                                                                    
                                                                                                    
                                                                                                    
                                                                                                    
                                                                                                    
                                                                                                    
                                                                                                    
                                                                                                    
  Jeera  Jeera JEE                                                               ● mcp off   ? help