   ⢀⣠⣤⣤⣀                                                                                            
  ⠐⢓⠞⠋⣹⡽                      ╭────────────╮   ╭──────────────╮   ╭──────────────╮   ╭───────────╮  
    ⣴⠾⠛⠁  J E E R A           │  ▦  Board  │   │  ≡  Backlog  │   │  ◴  Sprints  │   │  ▶  Runs  │  
   ⠘⣡                         ╰────────────╯   ╰──────────────╯   ╰──────────────╯   ╰───────────╯  
     ⠁                                                                                              
────────────────────────────────────────────────────────────────────────────────────────────────────
  BACKLOG · ⌕ "fix" · 1 of 2                                                            esc clears  
                                                                                                    
  ● ■ JEE-2     Fix the flaky test                                                                  
                                                                                                    
                                                                                                    
                                                                                                    
                                                                                                    
                                                                                                    
                                                                                                    
                                                                                                    
                                                                                                    
                                                                                                    
                                                                                                    
                                                                                                    
                                                                                                    
                                                                                                    
                                                                                                    
                                                                                                    
                                                                                                    
                                                                                                    
                                                                                                    
                                                                                                    
                                                                                                    
 Jeera JEE                                                                       ● mcp off   ? help