   ⢀⣠⣤⣤⣀                                                                                            
  ⠐⢓⠞⠋⣹⡽                      ╭────────────╮   ╭──────────────╮   ╭──────────────╮   ╭───────────╮  
    ⣴⠾⠛⠁  J E E R A           │  ▦  Board  │   │  ≡  Backlog  │   │  ◴  Sprints  │   │  ▶  Runs  │  
   ⠘⣡                         ╰────────────╯   ╰──────────────╯   ╰──────────────╯   ╰───────────╯  
     ⠁                                                                                              
────────────────────────────────────────────────────────────────────────────────────────────────────
                                                                                                    
                                                                                                    
                                                                                                    
                                                                                                    
                                                                                                    
                                                                                                    
                                                                                                    
                                                                                                    
                                                                                                    
                                          Backlog is clear                                          
                                                                                                    
                         Every issue is in a sprint, or there are none yet.                         
                                         Press n to add one.                                        
                                                                                                    
                                                                                                    
                                                                                                    
                                                                                                    
                                                                                                    
                                                                                                    
                                                                                                    
                                                                                                    
                                                                                                    
                                                                                                    
 Jeera JEE                                                                       ● mcp off   ? help