   ⢀⣠⣤⣤⣀                                                                                            
  ⠐⢓⠞⠋⣹⡽                      ╭────────────╮   ╭──────────────╮   ╭──────────────╮   ╭───────────╮  
    ⣴⠾⠛⠁  J E E R A           │  ▦  Board  │   │  ≡  Backlog  │   │  ◴  Sprints  │   │  ▶  Runs  │  
   ⠘⣡                         ╰────────────╯   ╰──────────────╯   ╰──────────────╯   ╰───────────╯  
     ⠁                                                                                              
────────────────────────────────────────────────────────────────────────────────────────────────────
 ◴ Sprint 1   active                                                               5 issues · 5 pts 
                                                                                                    
 ●  To Do             2    ●  In Progress       1   ●  In Review         1   ●  Done              1 
 ──────────────────────    ──────────────────────   ──────────────────────   ────────────────────── 
 ╭────────────────────╮    ╭────────────────────╮   ╭────────────────────╮   ╭────────────────────╮ 
 │ △ JEE-1            │    │ ▲ JEE-3            │   │ ■ JEE-5            │   │ ▽ JEE-4            │ 
 │ Design the kanban… │    │ Fix card overflow… │   │ Review the theme … │   │ Set up the projec… │ 
 │ ◇ opus·high  5pt … │    ╰────────────────────╯   ╰────────────────────╯   ╰────────────────────╯ 
 ╰────────────────────╯                                                                             
 ╭────────────────────╮                                                                             
 │ ■ JEE-2            │                                                                             
 │ Wire up the MCP s… │                                                                             
 ╰────────────────────╯                                                                             
 ╭╌╌╌╌╌╌╌╌╌╌╌╌╌╌╌╌╌╌╌╌╮                                                                             
 ╎    + New issue     ╎                                                                             
 ╰╌╌╌╌╌╌╌╌╌╌╌╌╌╌╌╌╌╌╌╌╯                                                                             
                                                                                                    
                                                                                                    
                                                                                                    
                                                                                                    
                                                                                                    
                                                                                                    
                                                                                                    
 Jeera JEE                                                                       ● mcp off   ? help