                ╭────────────╮   ╭──────────────╮   ╭──────────────╮   ╭───────────╮                
                │  ▦  Board  │   │  ≡  Backlog  │   │  ◴  Sprints  │   │  ▶  Runs  │                
                ╰────────────╯   ╰──────────────╯   ╰──────────────╯   ╰───────────╯                
────────────────────────────────────────────────────────────────────────────────────────────────────
●  To Do                       2 ●  In Progress                 1 ●  Done                        1  
──────────────────────────────── ──────────────────────────────── ────────────────────────────────  
╭──────────────────────────────╮ ╭──────────────────────────────╮ ╭──────────────────────────────╮  
│ △ JEE-1                      │ │ ▲ JEE-3                      │ │ ▽ JEE-4                      │  
│ Design the kanban board lay… │ │ Fix card overflow on narrow… │ │ Set up the project scaffold  │  
│ ◇ opus·high  5pt  #ui        │ ╰──────────────────────────────╯ ╰──────────────────────────────╯  
╰──────────────────────────────╯ ╭╌╌╌╌╌╌╌╌╌╌╌╌╌╌╌╌╌╌╌╌╌╌╌╌╌╌╌╌╌╌╮ ╭╌╌╌╌╌╌╌╌╌╌╌╌╌╌╌╌╌╌╌╌╌╌╌╌╌╌╌╌╌╌╮  
╭──────────────────────────────╮ ╎         + New issue          ╎ ╎         + New issue          ╎  
│ ■ JEE-2                      │ ╰╌╌╌╌╌╌╌╌╌╌╌╌╌╌╌╌╌╌╌╌╌╌╌╌╌╌╌╌╌╌╯ ╰╌╌╌╌╌╌╌╌╌╌╌╌╌╌╌╌╌╌╌╌╌╌╌╌╌╌╌╌╌╌╯  
│ Wire up the MCP status pill  │                                                                    
╰──────────────────────────────╯                                                                    
╭╌╌╌╌╌╌╌╌╌╌╌╌╌╌╌╌╌╌╌╌╌╌╌╌╌╌╌╌╌╌╮                                                                    
╎         + New issue          ╎                                                                    
╰╌╌╌╌╌╌╌╌╌╌╌╌╌╌╌╌╌╌╌╌╌╌╌╌╌╌╌╌╌╌╯                                                                    
                                                                                                    
                                                                                                    
                                                                                                    
                                                                                                    
                                                                                                    
                                                                                                    
                                                                                                    
                                                                                                    
                                                                                                    
                                                                                                    
                                                                                                    
  Jeera  Jeera JEE                                                               ● mcp off   ? help