   ⢀⣠⣤⣤⣀                                                                                            
  ⠐⢓⠞⠋⣹⡽                      ╭────────────╮   ╭──────────────╮   ╭──────────────╮   ╭───────────╮  
    ⣴⠾⠛⠁  J E E R A           │  ▦  Board  │   │  ≡  Backlog  │   │  ◴  Sprints  │   │  ▶  Runs  │  
   ⠘⣡                         ╰────────────╯   ╰──────────────╯   ╰──────────────╯   ╰───────────╯  
     ⠁                                                                                              
────────────────────────────────────────────────────────────────────────────────────────────────────
 ◴ Sprint 1   active                                                                      10 issues 
                                                                                                    
 ●  To Do            10    ●  In Progress       0   ●  In Review         0   ●  Done              0 
 ──────────────────────    ──────────────────────   ──────────────────────   ────────────────────── 
        ⌃ 7 more                                                                                    
 ╭────────────────────╮                                                                             
 │ ■ JEE-8            │                                                                             
 │ Backlog item numb… │                                                                             
 ╰────────────────────╯                                                                             
 ╭────────────────────╮                                                                             
 │ ■ JEE-9            │                                                                             
 │ Backlog item numb… │                                                                             
 ╰────────────────────╯                                                                             
 ╭────────────────────╮                                                                             
 │ ■ JEE-10           │                                                                             
 │ Backlog item numb… │                                                                             
 ╰────────────────────╯                                                                             
 ╭╌╌╌╌╌╌╌╌╌╌╌╌╌╌╌╌╌╌╌╌╮                                                                             
 ╎    + New issue     ╎                                                                             
 ╰╌╌╌╌╌╌╌╌╌╌╌╌╌╌╌╌╌╌╌╌╯                                                                             
                                                                                                    
                                                                                                    
                                                                                                    
 Jeera JEE                                                                       ● mcp off   ? help