   ⢀⣠⣤⣤⣀                                                                                            
  ⠐⢓⠞⠋⣹⡽                      ╭────────────╮   ╭──────────────╮   ╭──────────────╮   ╭───────────╮  
    ⣴⠾⠛⠁  J E E R A           │  ▦  Board  │   │  ≡  Backlog  │   │  ◴  Sprints  │   │  ▶  Runs  │  
   ⠘⣡                         ╰────────────╯   ╰──────────────╯   ╰──────────────╯   ╰───────────╯  
     ⠁                                                                                              
────────────────────────────────────────────────────────────────────────────────────────────────────
●  To Do            10   ●  In Progress       0   ●  In Review         0   ●  Done              0   
──────────────────────   ──────────────────────   ──────────────────────   ──────────────────────   
       ⌃ 6 more                                                                                     
╭────────────────────╮                                                                              
│ ■ JEE-7            │                                                                              
│ Backlog item numb… │                                                                              
╰────────────────────╯                                                                              
╭────────────────────╮                                                                              
│ ■ JEE-8            │                                                                              
│ Backlog item numb… │                                                                              
╰────────────────────╯                                                                              
╭────────────────────╮                                                                              
│ ■ JEE-9            │                                                                              
│ Backlog item numb… │                                                                              
╰────────────────────╯                                                                              
╭────────────────────╮                                                                              
│ ■ JEE-10           │                                                                              
│ Backlog item numb… │                                                                              
╰────────────────────╯                                                                              
╭╌╌╌╌╌╌╌╌╌╌╌╌╌╌╌╌╌╌╌╌╮                                                                              
╎    + New issue     ╎                                                                              
╰╌╌╌╌╌╌╌╌╌╌╌╌╌╌╌╌╌╌╌╌╯                                                                              
                                                                                                    
 Jeera JEE                                                                       ● mcp off   ? help