   ⢀⣠⣤⣤⣀                                                                                            
  ⠐⢓⠞⠋⣹⡽                      ╭────────────╮   ╭──────────────╮   ╭──────────────╮   ╭───────────╮  
    ⣴⠾⠛⠁  J E E R A           │  ▦  Board  │   │  ≡  Backlog  │   │  ◴  Sprints  │   │  ▶  Runs  │  
   ⠘⣡                         ╰────────────╯   ╰──────────────╯   ╰──────────────╯   ╰───────────╯  
     ⠁                                                                                              
────────────────────────────────────────────────────────────────────────────────────────────────────
●  To Do            10   ●  In Progress       0   ●  In Review         0   ●  Done              0   
──────────────────────   ──────────────────────   ──────────────────────   ──────────────────────   
╭────────────────────╮                                                                              
│ ■ JEE-1            │                                                                              
│ Backlog item numb… │                                                                              
╰────────────────────╯                                                                              
╭────────────────────╮                                                                              
│ ■ JEE-2            │                                                                              
│ Backlog item numb… │                                                                              
╰────────────────────╯                                                                              
╭────────────────────╮                                                                              
│ ■ JEE-3            │                                                                              
│ Backlog item numb… │                                                                              
╰────────────────────╯                                                                              
╭────────────────────╮                                                                              
│ ■ JEE-4            │                                                                              
│ Backlog item numb… │                                                                              
╰────────────────────╯                                                                              
╭────────────────────╮                                                                              
│ ■ JEE-5            │                                                                              
│ Backlog item numb… │                                                                              
╰────────────────────╯                                                                              
       ⌄ 5 more                                                                                     
 Jeera JEE                                                                       ● mcp off   ? help