 JEE-1  story  ● To Do                                                                     esc back 
   Overview    Agent    Relations    Files    Activity                                              
─────────────━━━━━━━━━──────────────────────────────────                                            
Assignee                                         Runs                                               
                                                                                                    
▸ Provider claude                                v2   running                                       
  Model    opus                                  v1   succeeded                                     
  Effort   high                                                                                     
                                                                                                    
  Worktree on                                                                                       
                                                                                                    
                                                                                                    
                                                                                                    
                                                                                                    
                                                                                                    
                                                                                                    
                                                                                                    
                                                                                                    
                                                                                                    
                                                                                                    
                                                                                                    
                                                                                                    
                                                                                                    
                                                                                                    
                                                                                                    
                                                                                                    
                                                                                                    
                                                                                                    
                                                                                                    
 tab tabs  j/k field  h/l change  s start  D +children  d discuss  S schedule  w worktree           