 JEE-1  story  ● To Do                                                                     esc back 
   Overview    Agent    Relations    Files    Activity                                              
────────────────────────────────────────────━━━━━━━━━━━━                                            
human     Kicked off the work.                                                                      
claude    Moved it to In Progress.                                                                  
                                                                                                    
                                                                                                    
                                                                                                    
                                                                                                    
                                                                                                    
                                                                                                    
                                                                                                    
                                                                                                    
                                                                                                    
                                                                                                    
                                                                                                    
                                                                                                    
                                                                                                    
                                                                                                    
                                                                                                    
                                                                                                    
                                                                                                    
                                                                                                    
                                                                                                    
                                                                                                    
                                                                                                    
                                                                                                    
                                                                                                    
                                                                                                    
 tab tabs  c comment  esc back                                                                      