 JEE-1  story  ● To Do                                                                     esc back 
────────────────────────────────────────────────────────────────────────────────────────────────────
Build the board                                              ▸ Status To Do                         
                                                               Type story                           
                                                               Priority △ high                      
  ## Goal                                                      Points 5                             
                                                               Provider claude                      
  Build a calm, keyboard-driven board.                         Model opus                           
                                                               Effort high                          
  • columns by status                                          Sprint —                             
  • model-assignee cards                                       Epic —                               
                                                               Tags #ui                             
                                                                                                    
                                                             Worktree on                            
                                                                                                    
                                                                                                    
                                                                                                    
                                                                                                    
                                                                                                    
                                                                                                    
                                                                                                    
                                                                                                    
                                                                                                    
                                                                                                    
                                                                                                    
                                                                                                    
                                                                                                    
Activity                                                                                            
  human Kicked off.                                                                                 
 j/k field  h/l change  e describe  c comment  s start  S schedule  w worktree  esc back            