 JEE-1  story  ● To Do                                                        tab panels · esc back 
╭─ DESCRIPTION ──────────────────────────────────────────────╮ ╭─ PROPERTIES ──────────────────────╮
│ Build the board                                            │ │ Status     To Do                  │
│                                                            │ │ Type       story                  │
│                                                            │ │ Priority   ■ medium               │
│                                                            │ │ Points     —                      │
│   No description yet. Press e to add one.                  │ │ Sprint     —                      │
│                                                            │ │ Epic       —                      │
│                                                            │ │ Tags       —                      │
│                                                            │ ╰───────────────────────────────────╯
│                                                            │ ╭─ AGENT ───────────────────────────╮
│                                                            │ │ Provider   —                      │
│                                                            │ │ Model      —                      │
│                                                            │ │ Effort     —                      │
│                                                            │ │ Worktree   on                     │
│                                                   ✎ Edit   │ │                                   │
╰────────────────────────────────────────────────────────────╯ │   ▶ Run     ⑂ Children            │
╭─ ACTIVITY ─────────────────────────────────────────────────╮ │   ✦ Discuss     ⏱ Schedule        │
│ human     Kicked off the work.                             │ ╰───────────────────────────────────╯
│ claude    Moved it to In Progress.                         │ ╭─ RELATIONS & FILES ───────────────╮
│                                                            │ │ Epic     —                        │
│                                                            │ │ Parent   —                        │
│                                                            │ │ FILES · 0                         │
│                                                            │ │                                   │
│                                                            │ │                        ◌ Attach   │
│                                                            │ │                                   │
│                                                            │ │                                   │
│                                                + Comment   │ │                                   │
╰────────────────────────────────────────────────────────────╯ ╰───────────────────────────────────╯
 tab panel  ↑↓ scroll  enter comment  esc back                                                      