 JEE-1  story  ● To Do                                                                     esc back 
   Overview    Agent    Relations    Files    Activity                                              
──────────────────────━━━━━━━━━━━━━─────────────────────                                            
Hierarchy                                                                                           
                                                                                                    
  Epic      JEE-2                                                                                   
  Parent    —                                                                                       
                                                                                                    
Children                                                                                            
                                                                                                    
  JEE-3     Render the columns                                                                      
                                                                                                    
Links                                                                                               
                                                                                                    
  blocks      JEE-4 Theme tokens                                                                    
                                                                                                    
                                                                                                    
                                                                                                    
                                                                                                    
                                                                                                    
                                                                                                    
                                                                                                    
                                                                                                    
                                                                                                    
                                                                                                    
                                                                                                    
                                                                                                    
                                                                                                    
                                                                                                    
 tab tabs  esc back                                                                                 