 JEE-1  story  ● To Do                                                                     esc back 
   Overview    Agent    Relations    Files    Activity                                              
───────────────────────────────────━━━━━━━━━────────────                                            
2 attachments                                                                                       
                                                                                                    
▸ 📎 jeera-diagram.png                                                                   image/png  
  🔗 example.com/spec                                                     https://example.com/spec  
                                                                                                    
                                                                                                    
                                                                                                    
                                                                                                    
                                                                                                    
                                                                                                    
                                                                                                    
                                                                                                    
                                                                                                    
                                                                                                    
                                                                                                    
                                                                                                    
                                                                                                    
                                                                                                    
                                                                                                    
                                                                                                    
                                                                                                    
                                                                                                    
                                                                                                    
                                                                                                    
                                                                                                    
                                                                                                    
 tab tabs  j/k select  o open  A attach  esc back                                                   