  Jeera  Jeera JEE                                                                        ● mcp off 
   Board    Sprints    Runs                                                                         
─━━━━━━━━━───────────────────                                                                       
                                                                                                    
                                                                                                    
                                                                                                    
                                                                                                    
                                                                                                    
                                                                                                    
                                                                                                    
                                                                                                    
                       ╭────────────────────────────────────────────────────╮                       
                       │                                                    │                       
                       │  New issue                                         │                       
                       │                                                    │                       
                       │  Title                                             │                       
                       │  > What needs doing?                               │                       
                       │                                                    │                       
                       │  enter submit · tab next · esc cancel              │                       
                       │                                                    │                       
                       ╰────────────────────────────────────────────────────╯                       
                                                                                                    
                                                                                                    
                                                                                                    
                                                                                                    
                                                                                                    
                                                                                                    
                                                                                                    
                                                                                                    
 tab next view  ↑/k up  ↓/j down  ←/h prev column  →/l next column  n new  ? help  q quit