  Jeera  Jeera JEE                                                                        ● mcp off 
                                                                                                    
                                                                                                    
                                                                                                    
                                                                                                    
                                                                                                    
                                                                                                    
                                                                                                    
                                                                                                    
                                                                                                    
                       ╭────────────────────────────────────────────────────╮                       
                       │                                                    │                       
                       │  New issue                                         │                       
                       │                                                    │                       
                       │  Title                                             │                       
                       │  > What needs doing?                               │                       
                       │                                                    │                       
                       │  enter submit · tab next · esc cancel              │                       
                       │                                                    │                       
                       ╰────────────────────────────────────────────────────╯                       
                                                                                                    
                                                                                                    
                                                                                                    
                                                                                                    
                                                                                                    
                                                                                                    
                                                                                                    
                                                                                                    
                                                                                                    
 ←/h prev column  →/l next column  ↑/k up  ↓/j down  n new  e rename  x delete  ? help  q quit