   ⢀⣠⣤⣤⣀                                                                                            
  ⠐⢓⠞⠋⣹⡽                      ╭────────────╮   ╭──────────────╮   ╭──────────────╮   ╭───────────╮  
    ⣴⠾⠛⠁  J E E R A           │  ▦  Board  │   │  ≡  Backlog  │   │  ◴  Sprints  │   │  ▶  Runs  │  
   ⠘⣡                         ╰────────────╯   ╰──────────────╯   ╰──────────────╯   ╰───────────╯  
     ⠁                                                                                              
────────────────────────────────────────────────────────────────────────────────────────────────────
                                                                                                    
                                                                                                    
                                                                                                    
              ╭──────────────────────────────────────────────────────────────────────╮              
              │                                                                      │              
              │  Edit JEE                                                            │              
              │  Rename it or change its repo path.                                  │              
              │  ──────────────────────────────────────────────────────────────────  │              
              │                                                                      │              
              │  Name            Jeera                                               │              
              │                                                                      │              
              │  Repo path       /tmp/jeera                                          │              
              │                                                                      │              
              │                                                                      │              
              │    Save     Cancel                                                   │              
              │                                                                      │              
              │  ──────────────────────────────────────────────────────────────────  │              
              │  enter save · tab next · ←/→ change · esc cancel                     │              
              │                                                                      │              
              ╰──────────────────────────────────────────────────────────────────────╯              
                                                                                                    
                                                                                                    
                                                                                                    
 Jeera JEE                                                                       ● mcp off   ? help