   ⢀⣠⣤⣤⣀                                                                                            
  ⠐⢓⠞⠋⣹⡽                      ╭────────────╮   ╭──────────────╮   ╭──────────────╮   ╭───────────╮  
    ⣴⠾⠛⠁  J E E R A           │  ▦  Board  │   │  ≡  Backlog  │   │  ◴  Sprints  │   │  ▶  Runs  │  
   ⠘⣡                         ╰────────────╯   ╰──────────────╯   ╰──────────────╯   ╰───────────╯  
     ⠁                                                                                              
────────────────────────────────────────────────────────────────────────────────────────────────────
                                                                                                    
              ╭──────────────────────────────────────────────────────────────────────╮              
              │                                                                      │              
              │  New issue                                                           │              
              │  Title is all you need now — everything else is refinable.           │              
              │  ──────────────────────────────────────────────────────────────────  │              
              │                                                                      │              
              │  Title           What needs doing?                                   │              
              │                                                                      │              
              │  Type            Task                                                │              
              │                                                                      │              
              │  Priority        ■ Medium                                            │              
              │                                                                      │              
              │  Description     Optional — add detail                               │              
              │                                                                      │              
              │                                                                      │              
              │    Create     Cancel                                                 │              
              │                                                                      │              
              │  ──────────────────────────────────────────────────────────────────  │              
              │  enter create · tab next · ←/→ change · esc cancel                   │              
              │                                                                      │              
              ╰──────────────────────────────────────────────────────────────────────╯              
                                                                                                    
 Jeera JEE                                                                       ● mcp off   ? help