  Jeera  Jeera JEE                                                                        ● mcp off 
                                                                                                    
                                                                                                    
                                                                                                    
                                                                                                    
                                                                                                    
                                                                                                    
                                                                                                    
                                                                                                    
      ╭──────────────────────────────────────────────────────────────────────────────────────╮      
      │                                                                                      │      
      │  Keys                                                                                │      
      │                                                                                      │      
      │  ↑/k      up            n        new      H        move left    r        refresh     │      
      │  ↓/j      down          e        rename   L        move right   ?        help        │      
      │  ←/h      prev column   x        delete   p        projects     q        quit        │      
      │  →/l      next column   enter    open     m        mcp                               │      
      │                                                                                      │      
      │  press any key to close                                                              │      
      │                                                                                      │      
      ╰──────────────────────────────────────────────────────────────────────────────────────╯      
                                                                                                    
                                                                                                    
                                                                                                    
                                                                                                    
                                                                                                    
                                                                                                    
                                                                                                    
                                                                                                    
 ←/h prev column  →/l next column  ↑/k up  ↓/j down  n new  e rename  x delete  ? help  q quit