  Jeera  Jeera JEE                                                                        ● mcp off 
   Board    Sprints    Runs                                                                         
─━━━━━━━━━───────────────────                                                                       
                                                                                                    
                                                                                                    
                                                                                                    
                                                                                                    
                                                                                                    
                                                                                                    
    ╭─────────────────────────────────────────────────────────────────────────────────────────╮     
    │                                                                                         │     
    │  Keys                                                                                   │     
    │                                                                                         │     
    │  tab      next view     n        new          t        resume     ,        settings     │     
    │  ⇧tab     prev view     e        rename       w        watch      r        refresh      │     
    │  ↑/k      up            x        delete       p        projects   ?        help         │     
    │  ↓/j      down          enter    open         m        mcp        q        quit         │     
    │  ←/h      prev column   H        move left                                              │     
    │  →/l      next column   L        move right                                             │     
    │                                                                                         │     
    │  press any key to close                                                                 │     
    │                                                                                         │     
    ╰─────────────────────────────────────────────────────────────────────────────────────────╯     
                                                                                                    
                                                                                                    
                                                                                                    
                                                                                                    
                                                                                                    
                                                                                                    
 tab next view  ↑/k up  ↓/j down  ←/h prev column  →/l next column  n new  ? help  q quit