  Jeera  Jeera JEE                                                                        ● mcp off 
                                                                                                    
                                                                                                    
                                                                                                    
                                                                                                    
                                                                                                    
                                                                                                    
                                                                                                    
     ╭───────────────────────────────────────────────────────────────────────────────────────╮      
     │                                                                                       │      
     │  Keys                                                                                 │      
     │                                                                                       │      
     │  ↑/k      up            n        new      H        move left    m        mcp          │      
     │  ↓/j      down          e        rename   L        move right   R        runs         │      
     │  ←/h      prev column   x        delete   p        projects     ,        settings     │      
     │  →/l      next column   enter    open                           r        refresh      │      
     │                                                                 ?        help         │      
     │                                                                 q        quit         │      
     │                                                                                       │      
     │  press any key to close                                                               │      
     │                                                                                       │      
     ╰───────────────────────────────────────────────────────────────────────────────────────╯      
                                                                                                    
                                                                                                    
                                                                                                    
                                                                                                    
                                                                                                    
                                                                                                    
                                                                                                    
 ←/h prev column  →/l next column  ↑/k up  ↓/j down  n new  e rename  x delete  ? help  q quit