  Jeera  Jeera JEE                                                                        ● mcp off 
   Board    Sprints    Runs                                                                         
─━━━━━━━━━───────────────────                                                                       
                                                                                                    
                                                                                                    
                                                                                                    
                                                                                                    
                                                                                                    
                                                                                                    
                                                                                                    
                                                                                                    
                          ╭─────────────────────────────────────────────╮                           
                          │                                             │                           
                          │  MCP server                                 │                           
                          │                                             │                           
                          │  Started with --no-mcp; the server is off.  │                           
                          │                                             │                           
                          │  press any key to close                     │                           
                          │                                             │                           
                          ╰─────────────────────────────────────────────╯                           
                                                                                                    
                                                                                                    
                                                                                                    
                                                                                                    
                                                                                                    
                                                                                                    
                                                                                                    
                                                                                                    
                                                                                                    
 tab next view  ↑/k up  ↓/j down  ←/h prev column  →/l next column  n new  ? help  q quit