  Jeera  Jeera JEE                                                                        ● mcp off 
                                                                                                    
                                                                                                    
                                                                                                    
                                                                                                    
                                                                                                    
                                                                                                    
                                                                                                    
                                                                                                    
                                                                                                    
                          ╭─────────────────────────────────────────────╮                           
                          │                                             │                           
                          │  MCP server                                 │                           
                          │                                             │                           
                          │  Started with --no-mcp; the server is off.  │                           
                          │                                             │                           
                          │  press any key to close                     │                           
                          │                                             │                           
                          ╰─────────────────────────────────────────────╯                           
                                                                                                    
                                                                                                    
                                                                                                    
                                                                                                    
                                                                                                    
                                                                                                    
                                                                                                    
                                                                                                    
                                                                                                    
                                                                                                    
 ←/h prev column  →/l next column  ↑/k up  ↓/j down  n new  e rename  x delete  ? help  q quit