                ╭────────────╮   ╭──────────────╮   ╭──────────────╮   ╭───────────╮                
                │  ▦  Board  │   │  ≡  Backlog  │   │  ◴  Sprints  │   │  ▶  Runs  │                
                ╰────────────╯   ╰──────────────╯   ╰──────────────╯   ╰───────────╯                
────────────────────────────────────────────────────────────────────────────────────────────────────
                                                                                                    
                                                                                                    
                                                                                                    
                                                                                                    
                                                                                                    
                                                                                                    
                                                                                                    
                                                                                                    
                          ╭─────────────────────────────────────────────╮                           
                          │                                             │                           
                          │  MCP server                                 │                           
                          │                                             │                           
                          │  Started with --no-mcp; the server is off.  │                           
                          │                                             │                           
                          │  press any key to close                     │                           
                          │                                             │                           
                          ╰─────────────────────────────────────────────╯                           
                                                                                                    
                                                                                                    
                                                                                                    
                                                                                                    
                                                                                                    
                                                                                                    
                                                                                                    
                                                                                                    
  Jeera  Jeera JEE                                                               ● mcp off   ? help