  Jeera  Jeera JEE                                                                        ● mcp off 
   Board    Backlog    Sprints    Runs                                                              
──────────━━━━━━━━━━━───────────────────                                                            
                                                                                                    
                                                                                                    
                                                                                                    
                                                                                                    
                                                                                                    
                                                                                                    
                                                                                                    
                                                                                                    
                        ╭──────────────────────────────────────────────────╮                        
                        │                                                  │                        
                        │  Assign JEE-1 to sprint                          │                        
                        │                                                  │                        
                        │  ▸ Sprint 1  active                              │                        
                        │                                                  │                        
                        │  ↑/↓ select · enter choose · esc close           │                        
                        │                                                  │                        
                        ╰──────────────────────────────────────────────────╯                        
                                                                                                    
                                                                                                    
                                                                                                    
                                                                                                    
                                                                                                    
                                                                                                    
                                                                                                    
                                                                                                    
                                                                                                    
 tab next view  ↑/k up  ↓/j down  enter open  a assign  n new  p projects  m mcp  ? help  q quit