   ⢀⣠⣤⣤⣀                                                                                            
  ⠐⢓⠞⠋⣹⡽                      ╭────────────╮   ╭──────────────╮   ╭──────────────╮   ╭───────────╮  
    ⣴⠾⠛⠁  J E E R A           │  ▦  Board  │   │  ≡  Backlog  │   │  ◴  Sprints  │   │  ▶  Runs  │  
   ⠘⣡                         ╰────────────╯   ╰──────────────╯   ╰──────────────╯   ╰───────────╯  
     ⠁                                                                                              
────────────────────────────────────────────────────────────────────────────────────────────────────
                                                                                                    
                                                                                                    
                                                                                                    
                                                                                                    
                  ╭──────────────────────────────────────────────────────────────╮                  
                  │                                                              │                  
                  │  Assign JEE-1 to sprint                                      │                  
                  │  ──────────────────────────────────────────────────────────  │                  
                  │                                                              │                  
                  │  ▸ Sprint 1  active                                          │                  
                  │                                                              │                  
                  │                                                              │                  
                  │                                                              │                  
                  │                                                              │                  
                  │                                                              │                  
                  │  ──────────────────────────────────────────────────────────  │                  
                  │  ↑/↓ select · enter choose · esc close                       │                  
                  │                                                              │                  
                  ╰──────────────────────────────────────────────────────────────╯                  
                                                                                                    
                                                                                                    
                                                                                                    
                                                                                                    
 Jeera JEE                                                                       ● mcp off   ? help