   ⢀⣠⣤⣤⣀                                                                                            
  ⠐⢓⠞⠋⣹⡽                      ╭────────────╮   ╭──────────────╮   ╭──────────────╮   ╭───────────╮  
    ⣴⠾⠛⠁  J E E R A           │  ▦  Board  │   │  ≡  Backlog  │   │  ◴  Sprints  │   │  ▶  Runs  │  
   ⠘⣡                         ╰────────────╯   ╰──────────────╯   ╰──────────────╯   ╰───────────╯  
     ⠁                                                                                              
────────────────────────────────────────────────────────────────────────────────────────────────────
                                                                                                    
                                                                                                    
                                                                                                    
                  ╭──────────────────────────────────────────────────────────────╮                  
                  │                                                              │                  
                  │  Projects                                                    │                  
                  │  ──────────────────────────────────────────────────────────  │                  
                  │                                                              │                  
                  │  ▸ Jeera JEE  • active  ★ default                            │                  
                  │      /tmp/jeera                                              │                  
                  │                                                              │                  
                  │                                                              │                  
                  │                                                              │                  
                  │                                                              │                  
                  │  ──────────────────────────────────────────────────────────  │                  
                  │  ↑/↓ select · enter open · esc close                         │                  
                  │  n new · e edit · x delete · d default                       │                  
                  │                                                              │                  
                  ╰──────────────────────────────────────────────────────────────╯                  
                                                                                                    
                                                                                                    
                                                                                                    
                                                                                                    
 Jeera JEE                                                                       ● mcp off   ? help