  Jeera  Jeera JEE                                                                        ● mcp off 
   Board    Sprints    Runs                                                                         
─━━━━━━━━━───────────────────                                                                       
                                                                                                    
                                                                                                    
                                                                                                    
                                                                                                    
                                                                                                    
                                                                                                    
                                                                                                    
                          ╭──────────────────────────────────────────────╮                          
                          │                                              │                          
                          │  Projects                                    │                          
                          │                                              │                          
                          │  ▸ Jeera JEE  • active                       │                          
                          │      /tmp/jeera                              │                          
                          │                                              │                          
                          │  ↑/↓ select · enter open · n new · esc       │                          
                          │  close                                       │                          
                          │                                              │                          
                          ╰──────────────────────────────────────────────╯                          
                                                                                                    
                                                                                                    
                                                                                                    
                                                                                                    
                                                                                                    
                                                                                                    
                                                                                                    
                                                                                                    
 tab next view  ↑/k up  ↓/j down  ←/h prev column  →/l next column  n new  ? help  q quit