                ╭────────────╮   ╭──────────────╮   ╭──────────────╮   ╭───────────╮                
                │  ▦  Board  │   │  ≡  Backlog  │   │  ◴  Sprints  │   │  ▶  Runs  │                
                ╰────────────╯   ╰──────────────╯   ╰──────────────╯   ╰───────────╯                
────────────────────────────────────────────────────────────────────────────────────────────────────
                                                                                                    
                                                                                                    
                                                                                                    
                                                                                                    
                                                                                                    
                                                                                                    
                                                                                                    
                          ╭──────────────────────────────────────────────╮                          
                          │                                              │                          
                          │  Projects                                    │                          
                          │                                              │                          
                          │  ▸ Jeera JEE  • active                       │                          
                          │      /tmp/jeera                              │                          
                          │                                              │                          
                          │  ↑/↓ select · enter open · n new · esc       │                          
                          │  close                                       │                          
                          │                                              │                          
                          ╰──────────────────────────────────────────────╯                          
                                                                                                    
                                                                                                    
                                                                                                    
                                                                                                    
                                                                                                    
                                                                                                    
                                                                                                    
  Jeera  Jeera JEE                                                               ● mcp off   ? help