  Jeera  Jeera JEE                                                                        ● mcp off 
Runs   0 active                                                                                     
                                                                                                    
▸ JEE-1 v2   failed      codex                                                                      
  JEE-1 v1   succeeded   claude·opus      ↻ 93049003                                                
                                                                                                    
                                                                                                    
                                                                                                    
                                                                                                    
                                                                                                    
                                                                                                    
                                                                                                    
                                                                                                    
                                                                                                    
                                                                                                    
                                                                                                    
                                                                                                    
                                                                                                    
                                                                                                    
                                                                                                    
                                                                                                    
                                                                                                    
                                                                                                    
                                                                                                    
                                                                                                    
                                                                                                    
                                                                                                    
                                                                                                    
↑/↓ select   t resume   w watch   esc close                                                         
 ←/h prev column  →/l next column  ↑/k up  ↓/j down  n new  e rename  x delete  ? help  q quit