  Jeera  Jeera JEE                                                                        ● mcp off 
   Board    Backlog    Sprints    Runs                                                              
────────────────────────────────━━━━━━━━                                                            
Recent runs   0 active                                                                              
                                                                                                    
▸ JEE-1 v2   failed      codex                                                                      
  JEE-1 v1   succeeded   claude·opus      ↻ 93049003                                                
                                                                                                    
                                                                                                    
                                                                                                    
                                                                                                    
                                                                                                    
                                                                                                    
                                                                                                    
                                                                                                    
                                                                                                    
                                                                                                    
                                                                                                    
                                                                                                    
                                                                                                    
                                                                                                    
                                                                                                    
                                                                                                    
                                                                                                    
                                                                                                    
                                                                                                    
                                                                                                    
                                                                                                    
                                                                                                    
 tab next view  ↑/k up  ↓/j down  t resume  w watch  p projects  m mcp  , settings  ? help  q quit