   ⢀⣠⣤⣤⣀                                                                                            
  ⠐⢓⠞⠋⣹⡽                      ╭────────────╮   ╭──────────────╮   ╭──────────────╮   ╭───────────╮  
    ⣴⠾⠛⠁  J E E R A           │  ▦  Board  │   │  ≡  Backlog  │   │  ◴  Sprints  │   │  ▶  Runs  │  
   ⠘⣡                         ╰────────────╯   ╰──────────────╯   ╰──────────────╯   ╰───────────╯  
     ⠁                                                                                              
────────────────────────────────────────────────────────────────────────────────────────────────────
                                                                                                    
                                                                                                    
                                                                                                    
                  ╭──────────────────────────────────────────────────────────────╮                  
                  │                                                              │                  
                  │  Search Board                                                │                  
                  │  Show only the issues matching every term.                   │                  
                  │  ──────────────────────────────────────────────────────────  │                  
                  │                                                              │                  
                  │  ⌕  the                                                      │                  
                  │                                                              │                  
                  │  4 matches                                                   │                  
                  │                                                              │                  
                  │                                                              │                  
                  │    Apply     Clear                                           │                  
                  │                                                              │                  
                  │  ──────────────────────────────────────────────────────────  │                  
                  │  enter apply · tab next · esc cancel                         │                  
                  │                                                              │                  
                  ╰──────────────────────────────────────────────────────────────╯                  
                                                                                                    
                                                                                                    
                                                                                                    
 Jeera JEE                                                                       ● mcp off   ? help