   ⢀⣠⣤⣤⣀                                                                                            
  ⠐⢓⠞⠋⣹⡽                      ╭────────────╮   ╭──────────────╮   ╭──────────────╮   ╭───────────╮  
    ⣴⠾⠛⠁  J E E R A           │  ▦  Board  │   │  ≡  Backlog  │   │  ◴  Sprints  │   │  ▶  Runs  │  
   ⠘⣡                         ╰────────────╯   ╰──────────────╯   ╰──────────────╯   ╰───────────╯  
     ⠁                                                                                              
────────────────────────────────────────────────────────────────────────────────────────────────────
  ● Sprint 1  active                                                              2 issues · 5 pts  
    ● △ JEE-1     Design the kanban board layout                                               5pt  
    ● ■ JEE-2     Wire up the MCP status pill                                                       
                                                                                                    
  ● Sprint 2  future                                                                       1 issue  
    ● ▽ JEE-3     Plan the sprints view                                                             
                                                                                                    
                                                                                                    
                                                                                                    
                                                                                                    
                                                                                                    
                                                                                                    
                                                                                                    
                                                                                                    
                                                                                                    
                                                                                                    
                                                                                                    
                                                                                                    
                                                                                                    
                                                                                                    
                                                                                                    
                                                                                                    
                                                                                                    
 Jeera JEE                                                                       ● mcp off   ? help