  Jeera  Jeera JEE                                                                        ● mcp off 
   Board    Backlog    Sprints    Runs                                                              
─────────────────────━━━━━━━━━━━────────                                                            
                                                                                                    
                                                                                                    
                                                                                                    
                                                                                                    
                                                                                                    
                                                                                                    
                                                                                                    
                                                                                                    
                                                                                                    
                                                                                                    
                                                                                                    
                                           No sprints yet                                           
                                                                                                    
                               Sprints group issues into time-boxes.                                
                                 Press n to plan your first sprint.                                 
                                                                                                    
                                                                                                    
                                                                                                    
                                                                                                    
                                                                                                    
                                                                                                    
                                                                                                    
                                                                                                    
                                                                                                    
                                                                                                    
                                                                                                    
 tab next view  n new sprint  p projects  m mcp  , settings  r refresh  ? help  q quit