 ◴  Triage   ● active   Jun 20 – Jul 4 · day 7/14                             tab panels · esc back 
╭─ GOAL ───────────────────────────────────────────────────╮ ╭─ PROGRESS ──────────────────────────╮
│ Clear the inbound bug queue before the next release.     │ │ 40% complete · by issues            │
│                                                          │ │ ██████████████░░░░░░░░░░░░░░░░░░░░░ │
│                                                          │ │ Points                        0 / 0 │
│                                                          │ │ Issues                        2 / 5 │
│                                                 ✎ Edit   │ │ Timeline          day 7/14 · 7 left │
╰──────────────────────────────────────────────────────────╯ │                                     │
╭─ BURNDOWN ───────────────────────────────────────────────╮ │ ● Behind schedule · 1 issue over    │
│   ━━ actual   ━━ ideal                                   │ │                                     │
│ 5┤⠙⠫⢍⠉⠉⠉⠉⠉⢆                                              │ │   Finish sprint     ⏱ Dates         │
│  │   ⠉⠒⠤⡀ ⠈⢢                                             │ ╰─────────────────────────────────────╯
│  │      ⠈⠑⠢⣀⠱⡀                                           │ ╭─ BREAKDOWN ─────────────────────────╮
│  │          ⠉⠳⢖⡒⠒⠒⠒⠒⠒⢢                                   │ │ To Do       █████░░░░░░░░ 2         │
│  │             ⠈⠑⠤⣀   ⠱⡀                                 │ │ In Progress ███░░░░░░░░░░ 1         │
│  │                 ⠑⠢⢄ ⠘⢄                                │ │ In Review   ░░░░░░░░░░░░░ 0         │
│  │                    ⠉⠒⠬⡒⠒⠒⠒⠂                           │ │ Done        █████░░░░░░░░ 2         │
│  │                       ⠈⠑⠢⣀                            │ │                                     │
│  │                           ⠉⠢⢄⡀                        │ │ 5 bug                               │
│  │                              ⠈⠒⠤⣀                     │ ╰─────────────────────────────────────╯
│  │                                  ⠑⠢⢄                  │ ╭─ ISSUES · 5 ────────────────────────╮
│  │                                     ⠉⠒⢄⡀              │ │ ● BUG-1    Crash on empty spr…      │
│  │                                        ⠈⠑⠢⣀           │ │ ● BUG-2    Wrong day counter …      │
│  │                                            ⠉⠢⢄⡀       │ │ ● BUG-3    Burndown overflows…      │
│  │                                               ⠈⠒⠤⣀    │ │ ● BUG-4    Goal wraps mid-word      │
│ 0┤                                                   ⠑⠢⢄ │ │ ● BUG-5    Pace reads behind …      │
│  └────────────────────────────────────────────────────── │ │                                     │
│   Jun 20                                           Jul 4 │ │                                     │
╰──────────────────────────────────────────────────────────╯ ╰─────────────────────────────────────╯
 tab panel  enter edit goal  esc back                                                               