 ◴  Sprint 8   ● future   Jul 10 – Jul 24                                     tab panels · esc back 
╭─ GOAL ───────────────────────────────────────────────────╮ ╭─ PROGRESS ──────────────────────────╮
│ Harden the MCP surface and ship the run timeline.        │ │ 0% complete · by pts                │
│                                                          │ │ ░░░░░░░░░░░░░░░░░░░░░░░░░░░░░░░░░░░ │
│                                                          │ │ Points                       0 / 16 │
│                                                          │ │ Issues                        0 / 3 │
│                                                 ✎ Edit   │ │ Timeline                    14 days │
╰──────────────────────────────────────────────────────────╯ │                                     │
╭─ BURNDOWN ───────────────────────────────────────────────╮ │ ○ Not started                       │
│                                                          │ │                                     │
│                                                          │ │   Start sprint     ⏱ Dates          │
│                                                          │ ╰─────────────────────────────────────╯
│                                                          │ ╭─ BREAKDOWN ─────────────────────────╮
│                                                          │ │ To Do       █████████████ 3·16p     │
│                                                          │ │ In Progress ░░░░░░░░░░░░░ 0·0p      │
│                                                          │ │ In Review   ░░░░░░░░░░░░░ 0·0p      │
│                                                          │ │ Done        ░░░░░░░░░░░░░ 0·0p      │
│       The burndown begins when the sprint starts.        │ │                                     │
│                                                          │ │ 1 story · 2 task                    │
│                Start it from Progress →.                 │ ╰─────────────────────────────────────╯
│                                                          │ ╭─ ISSUES · 3 ────────────────────────╮
│                                                          │ │ ● JEE-8    Audit every MCP to…  5pt │
│                                                          │ │ ● JEE-9    Run timeline view    8pt │
│                                                          │ │ ● JEE-10   Schedule digest      3pt │
│                                                          │ │                                     │
│                                                          │ │                                     │
│                                                          │ │                                     │
│                                                          │ │                                     │
╰──────────────────────────────────────────────────────────╯ ╰─────────────────────────────────────╯
 tab panel  enter edit goal  esc back                                                               