  Jeera  Jeera JEE                                                                        ● mcp off 
   Board    Sprints    Runs                                                                         
──────────━━━━━━━━━━━────────                                                                       
                                                                                                    
                                                                                                    
                                                                                                    
                                                                                                    
                                                                                                    
                                                                                                    
                                                                                                    
                                                                                                    
                                                                                                    
                                                                                                    
                                                                                                    
                                           No sprints yet                                           
                                                                                                    
                               Sprints group issues into time-boxes.                                
                             Create one over MCP and it shows up here.                              
                                                                                                    
                                                                                                    
                                                                                                    
                                                                                                    
                                                                                                    
                                                                                                    
                                                                                                    
                                                                                                    
                                                                                                    
                                                                                                    
                                                                                                    
 tab next view  p projects  m mcp  , settings  r refresh  ? help  q quit