                ╭────────────╮   ╭──────────────╮   ╭──────────────╮   ╭───────────╮                
                │  ▦  Board  │   │  ≡  Backlog  │   │  ◴  Sprints  │   │  ▶  Runs  │                
                ╰────────────╯   ╰──────────────╯   ╰──────────────╯   ╰───────────╯                
────────────────────────────────────────────────────────────────────────────────────────────────────
  ● Sprint 1  active                                                                      2 issues  
    ● ■ JEE-1     First issue                                                                       
    ● ■ JEE-2     Second issue                                                                      
                                                                                                    
  ● Sprint 2  future                                                                      0 issues  
      — no issues —                                                                                 
                                                                                                    
                                                                                                    
                                                                                                    
                                                                                                    
                                                                                                    
                                                                                                    
                                                                                                    
                                                                                                    
                                                                                                    
                                                                                                    
                                                                                                    
                                                                                                    
                                                                                                    
                                                                                                    
                                                                                                    
                                                                                                    
                                                                                                    
                                                                                                    
                                                                                                    
  Jeera  Jeera JEE                                                               ● mcp off   ? help