 ◴  Sprint 6   ● completed   Jun 1 – Jun 14                                   tab panels · esc back 
╭─ GOAL ───────────────────────────────────────────────────╮ ╭─ PROGRESS ──────────────────────────╮
│ Make the board a SCRUM board scoped to the active        │ │ 100% complete · by pts              │
│ sprint.                                                  │ │ ███████████████████████████████████ │
│                                                          │ │ Points                      13 / 13 │
│                                                          │ │ Issues                        3 / 3 │
│                                                 ✎ Edit   │ │ Timeline                  completed │
╰──────────────────────────────────────────────────────────╯ │                                     │
╭─ BURNDOWN ───────────────────────────────────────────────╮ │ ● Completed                         │
│    ━━ actual   ━━ ideal                                  │ │                                     │
│ 13┤⠙⠫⢍⠉⠉⠉⠉⠉⠉⠉⠉⠉⢣                                         │ │   Reopen sprint     ⏱ Dates         │
│   │   ⠉⠒⢄⡀     ⠈⡆                                        │ ╰─────────────────────────────────────╯
│   │      ⠈⠑⠤⣀   ⠸⡀                                       │ ╭─ BREAKDOWN ─────────────────────────╮
│   │          ⠑⠢⢄ ⢣                                       │ │ To Do       ░░░░░░░░░░░░░ 0·0p      │
│   │             ⠉⠚⣆⡀                                     │ │ In Progress ░░░░░░░░░░░░░ 0·0p      │
│   │               ⠸⡈⠑⠤⣀                                  │ │ In Review   ░░░░░░░░░░░░░ 0·0p      │
│   │                ⠉⠉⠉⠉⠙⠫⢍⠉⠉⠉⠉⠉⠉⢆                        │ │ Done        █████████████ 3·13p     │
│   │                       ⠉⠒⢄⡀  ⠈⢆                       │ │                                     │
│   │                          ⠈⠑⠤⣀⠈⢆                      │ │ 1 story · 2 task                    │
│   │                              ⠑⠪⢆⣀⣀⣀⣀⣀⣀⣀⣀             │ ╰─────────────────────────────────────╯
│   │                                 ⠉⠒⢄⡀   ⠈⡆            │ ╭─ ISSUES · 3 ────────────────────────╮
│   │                                    ⠈⠑⠤⣀ ⠸⡀           │ │ ● JEE-3    Scope the board to…  5pt │
│   │                                        ⠑⠢⢧           │ │ ● JEE-4    Roll incomplete is…  3pt │
│   │                                          ⠈⡏⠒⢄⡀       │ │ ● JEE-5    Scroll overflowing…  5pt │
│   │                                           ⠸⡀ ⠈⠑⠤⣀    │ │                                     │
│  0┤                                            ⢣⣀⣀⣀⣀⣀⣑⣢⣄ │ │                                     │
│   └───────────────────────────────────────────────────── │ │                                     │
│    Jun 1                                          Jun 14 │ │                                     │
╰──────────────────────────────────────────────────────────╯ ╰─────────────────────────────────────╯
 tab panel  enter edit goal  esc back                                                               