  Jeera  no project — press n to create one                                               ● mcp off 
   Board    Backlog    Sprints    Runs                                                              
─━━━━━━━━━──────────────────────────────                                                            
                                                                                                    
                                                                                                    
                                                                                                    
                                                                                                    
                                                                                                    
                                                                                                    
                                                                                                    
                                                                                                    
                                                                                                    
                                                                                                    
                                          Welcome to Jeera                                          
                                                                                                    
                         An agentic-first issue tracker for your terminal.                          
                                                                                                    
                                n create your first project   ? help                                
                                                                                                    
                                                                                                    
                                                                                                    
                                                                                                    
                                                                                                    
                                                                                                    
                                                                                                    
                                                                                                    
                                                                                                    
                                                                                                    
                                                                                                    
 tab next view  n new  p projects  m mcp  , settings  r refresh  ? help  q quit