                ╭────────────╮   ╭──────────────╮   ╭──────────────╮   ╭───────────╮                
                │  ▦  Board  │   │  ≡  Backlog  │   │  ◴  Sprints  │   │  ▶  Runs  │                
                ╰────────────╯   ╰──────────────╯   ╰──────────────╯   ╰───────────╯                
────────────────────────────────────────────────────────────────────────────────────────────────────
                                                                                                    
                                                                                                    
                                                                                                    
                                                                                                    
                                                                                                    
                                                                                                    
                                                                                                    
                                                                                                    
                                                                                                    
                                          Welcome to Jeera                                          
                                                                                                    
                         An agentic-first issue tracker for your terminal.                          
                                                                                                    
                                    + Create your first project                                     
                                                                                                    
                                 press enter to begin · ? for help                                  
                                                                                                    
                                                                                                    
                                                                                                    
                                                                                                    
                                                                                                    
                                                                                                    
                                                                                                    
                                                                                                    
                                                                                                    
  Jeera  no project yet                                                          ● mcp off   ? help