  Jeera  no project — press n to create one                                               ● mcp off 
                                                                                                    
                                                                                                    
                                                                                                    
                                                                                                    
                                                                                                    
                                                                                                    
                                                                                                    
                                                                                                    
                                                                                                    
                                                                                                    
                                                                                                    
                                          Welcome to Jeera                                          
                                                                                                    
                         An agentic-first issue tracker for your terminal.                          
                                                                                                    
                                n create your first project   ? help                                
                                                                                                    
                                                                                                    
                                                                                                    
                                                                                                    
                                                                                                    
                                                                                                    
                                                                                                    
                                                                                                    
                                                                                                    
                                                                                                    
                                                                                                    
                                                                                                    
 ←/h prev column  →/l next column  ↑/k up  ↓/j down  n new  e rename  x delete  ? help  q quit